SQL> 
SQL> 
SQL> 
SQL> DROP TABLE customer CASCADE CONSTRAINTS;

Error starting at line : 11 in command -
DROP TABLE customer CASCADE CONSTRAINTS
Error report -
ORA-00942: table or view does not exist
00942. 00000 -  "table or view does not exist"
*Cause:    
*Action:
SQL> 
SQL> DROP TABLE orderline CASCADE CONSTRAINTS;

Error starting at line : 13 in command -
DROP TABLE orderline CASCADE CONSTRAINTS
Error report -
ORA-00942: table or view does not exist
00942. 00000 -  "table or view does not exist"
*Cause:    
*Action:
SQL> 
SQL> DROP TABLE orders CASCADE CONSTRAINTS;

Error starting at line : 15 in command -
DROP TABLE orders CASCADE CONSTRAINTS
Error report -
ORA-00942: table or view does not exist
00942. 00000 -  "table or view does not exist"
*Cause:    
*Action:
SQL> 
SQL> DROP TABLE product CASCADE CONSTRAINTS;

Error starting at line : 17 in command -
DROP TABLE product CASCADE CONSTRAINTS
Error report -
ORA-00942: table or view does not exist
00942. 00000 -  "table or view does not exist"
*Cause:    
*Action:
SQL> 
SQL> CREATE TABLE customer (
  2      cust_no        NUMBER(7) NOT NULL,
  3      cust_name      VARCHAR2(50) NOT NULL,
  4      cust_address   VARCHAR2(50) NOT NULL,
  5      cust_phone     CHAR(10)
  6  );

Table CUSTOMER created.

SQL> 
SQL> COMMENT ON COLUMN customer.cust_no IS
  2      'customer number';

Comment created.

SQL> 
SQL> COMMENT ON COLUMN customer.cust_name IS
  2      'customer name';

Comment created.

SQL> 
SQL> COMMENT ON COLUMN customer.cust_address IS
  2      'Customer address';

Comment created.

SQL> 
SQL> COMMENT ON COLUMN customer.cust_phone IS
  2      'customer phone number';

Comment created.

SQL> 
SQL> ALTER TABLE customer ADD CONSTRAINT customer_pk PRIMARY KEY ( cust_no );

Table CUSTOMER altered.

SQL> 
SQL> CREATE TABLE orderline (
  2      orderline_no    NUMBER(7) NOT NULL,
  3      ol_qtyordered   NUMBER(7) NOT NULL,
  4      ol_lineprice    NUMBER(7, 2) NOT NULL,
  5      prod_no         NUMBER(7) NOT NULL,
  6      order_no        NUMBER(7) NOT NULL
  7  );

Table ORDERLINE created.

SQL> 
SQL> ALTER TABLE orderline ADD CONSTRAINT chk_ol_qtyordered CHECK ( ol_qtyordered > 0
  2  );

Table ORDERLINE altered.

SQL> 
SQL> COMMENT ON COLUMN orderline.ol_qtyordered IS
  2      'Quantityt Ordered';

Comment created.

SQL> 
SQL> COMMENT ON COLUMN orderline.ol_lineprice IS
  2      'Line Price';

Comment created.

SQL> 
SQL> COMMENT ON COLUMN orderline.prod_no IS
  2      'Product Number';

Comment created.

SQL> 
SQL> COMMENT ON COLUMN orderline.order_no IS
  2      'Order Number';

Comment created.

SQL> 
SQL> ALTER TABLE orderline ADD CONSTRAINT orderline_pkv1 PRIMARY KEY ( orderline_no );

Table ORDERLINE altered.

SQL> 
SQL> ALTER TABLE orderline ADD CONSTRAINT nk_orderline UNIQUE ( prod_no,
  2                                                             order_no );

Table ORDERLINE altered.

SQL> 
SQL> CREATE TABLE orders (
  2      order_no     NUMBER(7) NOT NULL,
  3      order_date   DATE NOT NULL,
  4      cust_no      NUMBER(7) NOT NULL
  5  );

Table ORDERS created.

SQL> 
SQL> COMMENT ON COLUMN orders.order_no IS
  2      'Order Number';

Comment created.

SQL> 
SQL> COMMENT ON COLUMN orders.order_date IS
  2      'Order Date';

Comment created.

SQL> 
SQL> COMMENT ON COLUMN orders.cust_no IS
  2      'customer number';

Comment created.

SQL> 
SQL> ALTER TABLE orders ADD CONSTRAINT orders_pk PRIMARY KEY ( order_no );

Table ORDERS altered.

SQL> 
SQL> CREATE TABLE product (
  2      prod_no          NUMBER(7) NOT NULL,
  3      prod_desc        VARCHAR2(50) NOT NULL,
  4      prod_unitprice   NUMBER(7, 2) NOT NULL
  5  );

Table PRODUCT created.

SQL> 
SQL> COMMENT ON COLUMN product.prod_no IS
  2      'Product Number';

Comment created.

SQL> 
SQL> COMMENT ON COLUMN product.prod_desc IS
  2      'Product Description';

Comment created.

SQL> 
SQL> COMMENT ON COLUMN product.prod_unitprice IS
  2      'Product unit price';

Comment created.

SQL> 
SQL> ALTER TABLE product ADD CONSTRAINT product_pk PRIMARY KEY ( prod_no );

Table PRODUCT altered.

SQL> 
SQL> ALTER TABLE orders
  2      ADD CONSTRAINT customer_orders FOREIGN KEY ( cust_no )
  3          REFERENCES customer ( cust_no );

Table ORDERS altered.

SQL> 
SQL> ALTER TABLE orderline
  2      ADD CONSTRAINT orders_orderline FOREIGN KEY ( order_no )
  3          REFERENCES orders ( order_no );

Table ORDERLINE altered.

SQL> 
SQL> ALTER TABLE orderline
  2      ADD CONSTRAINT product_orderline FOREIGN KEY ( prod_no )
  3          REFERENCES product ( prod_no );

Table ORDERLINE altered.

SQL> 
SQL> spool off
