SQL> 
SQL> DROP TABLE unit CASCADE CONSTRAINTS PURGE;

Error starting at line : 9 in command -
DROP TABLE unit CASCADE CONSTRAINTS PURGE
Error report -
ORA-00942: table or view does not exist
00942. 00000 -  "table or view does not exist"
*Cause:    
*Action:
SQL> DROP TABLE student CASCADE CONSTRAINTS PURGE;

Error starting at line : 10 in command -
DROP TABLE student CASCADE CONSTRAINTS PURGE
Error report -
ORA-00942: table or view does not exist
00942. 00000 -  "table or view does not exist"
*Cause:    
*Action:
SQL> DROP TABLE enrolment CASCADE CONSTRAINTS PURGE;

Error starting at line : 11 in command -
DROP TABLE enrolment CASCADE CONSTRAINTS PURGE
Error report -
ORA-00942: table or view does not exist
00942. 00000 -  "table or view does not exist"
*Cause:    
*Action:
SQL> 
SQL> select table_name from user_tables;

TABLE_NAME                                                                                                                      
--------------------------------------------------------------------------------------------------------------------------------
EMPLOYEE
TEAM

SQL> 
SQL> CREATE TABLE unit (
  2      unit_code       CHAR(7) CONSTRAINT unit_pk PRIMARY KEY,
  3      unit_name       VARCHAR2(50) NOT NULL CONSTRAINT uq_unique_name UNIQUE
  4  );

Table UNIT created.

SQL> 
SQL> CREATE TABLE student (
  2      stu_nbr         NUMBER(8) CONSTRAINT student_pk PRIMARY KEY,
  3      stu_lname       VARCHAR2(50) NOT NULL,
  4      stu_fname       VARCHAR2(50) NOT NULL,
  5      stu_dob         DATE NOT NULL,
  6      CONSTRAINT chk_stu_nbr CHECK (stu_nbr>10000000)
  7  );

Table STUDENT created.

SQL> 
SQL> CREATE TABLE enrolment (
  2      stu_nbr         NUMBER(8) NOT NULL,
  3      unit_code       CHAR(7) NOT NULL,
  4      enrol_year      NUMBER(4) NOT NULL,
  5      enrol_semester  CHAR(1) NOT NULL,
  6      enrol_mark      NUMBER(3),
  7      enrol_grade     CHAR(2),
  8      CONSTRAINT pk_enrolment PRIMARY KEY (stu_nbr, unit_code, enrol_year, enrol_semester),
  9      CONSTRAINT enrol_sem_values CHECK (enrol_semester in ('1','2','3'))
 10  );

Table ENROLMENT created.

SQL> 
SQL> ALTER TABLE enrolment
  2      ADD 
  3      (CONSTRAINT fk_enrolment_student FOREIGN KEY (stu_nbr)
  4                              REFERENCES student (stu_nbr),
  5      CONSTRAINT fk_enrolment_unit FOREIGN KEY (unit_code)
  6                              REFERENCES unit (unit_code)
  7  );

Table ENROLMENT altered.

SQL> 
SQL> spool off
